▲ Next.js 16.3.0 (Turbopack)
- Local:         http://localhost:3124
- Network:       http://172.16.10.3:3124
- Environments: .env.local
✓ Ready in 837ms
✓ Running next.config.ts took 161ms
⚠ Turbopack's filesystem cache has been deleted because we previously detected an internal error in Turbopack. Builds or page loads may be slower as a result.

 GET /api/signal?seller=a 402 in 386ms (next.js: 212ms, application-code: 174ms)
 GET /api/signal?seller=a 200 in 103ms (next.js: 3ms, application-code: 100ms)
 POST /api/buy?seller=a 200 in 1865ms (next.js: 1250ms, application-code: 615ms)
 GET /api/signal?seller=a 402 in 8ms (next.js: 3ms, application-code: 5ms)
 GET /api/signal?seller=a 200 in 154ms (next.js: 2ms, application-code: 152ms)
 POST /api/buy?seller=a 200 in 181ms (next.js: 3ms, application-code: 178ms)
 GET /api/signal?seller=a 402 in 6ms (next.js: 1.9ms, application-code: 4ms)
 GET /api/signal?seller=a 200 in 159ms (next.js: 3ms, application-code: 156ms)
 POST /api/buy?seller=a 200 in 191ms (next.js: 6ms, application-code: 186ms)
 GET /api/signal?seller=a 402 in 6ms (next.js: 2ms, application-code: 4ms)
 GET /api/signal?seller=a 200 in 70ms (next.js: 2ms, application-code: 68ms)
 POST /api/buy?seller=a 200 in 95ms (next.js: 3ms, application-code: 93ms)
 GET /api/signal?seller=a 402 in 5ms (next.js: 1.7ms, application-code: 3ms)
 GET /api/signal?seller=a 200 in 126ms (next.js: 1.8ms, application-code: 124ms)
 POST /api/buy?seller=a 200 in 145ms (next.js: 2.0ms, application-code: 143ms)
 POST /api/demo/resolve?id=57f3e456-52db-40ef-93ab-88710af1a956 200 in 901ms (next.js: 471ms, application-code: 430ms)
 POST /api/demo/resolve?id=9a178a86-f48b-4c81-913c-407c83f4ea88 200 in 327ms (next.js: 2ms, application-code: 325ms)
 POST /api/demo/resolve?id=4b23893c-bec4-4b65-801c-9e0d9033da6e 200 in 562ms (next.js: 2ms, application-code: 560ms)
 POST /api/demo/resolve?id=3fc93b18-0f41-4905-8dd6-fa00c0ad520b 200 in 311ms (next.js: 4ms, application-code: 307ms)
 POST /api/demo/resolve?id=3f31c0cf-39e1-419c-af7b-6ed210559888 200 in 264ms (next.js: 4ms, application-code: 260ms)
