▲ Next.js 16.3.0 (Turbopack)
- Local:         http://localhost:3129
- Network:       http://172.16.10.3:3129
- Environments: .env.local
✓ Ready in 860ms
✓ Running next.config.ts took 142ms

 GET /api/signal?seller=a 402 in 267ms (next.js: 96ms, application-code: 170ms)
⨯ SyntaxError: Expected double-quoted property name in JSON at position 96 (line 4 column 3)
    at JSON.parse (<anonymous>) {
  page: '/api/signal'
}
 GET /api/signal?seller=a 500 in 1137ms (next.js: 950ms, application-code: 187ms)
 POST /api/buy?seller=a 500 in 1794ms (next.js: 274ms, application-code: 1520ms)
 GET /api/signal?seller=a 402 in 10ms (next.js: 5ms, application-code: 5ms)
 GET /api/signal?seller=a 200 in 278ms (next.js: 2ms, application-code: 276ms)
 POST /api/buy?seller=a 200 in 314ms (next.js: 8ms, application-code: 306ms)
 GET /api/signal?seller=b 402 in 7ms (next.js: 2ms, application-code: 4ms)
 GET /api/signal?seller=b 200 in 84ms (next.js: 3ms, application-code: 81ms)
 POST /api/buy?seller=b 200 in 112ms (next.js: 6ms, application-code: 106ms)
 GET /api/signal?seller=b 402 in 7ms (next.js: 1.9ms, application-code: 5ms)
 GET /api/signal?seller=b 200 in 67ms (next.js: 3ms, application-code: 64ms)
 POST /api/buy?seller=b 200 in 90ms (next.js: 3ms, application-code: 87ms)
 GET /api/signal?seller=b 402 in 6ms (next.js: 1.8ms, application-code: 4ms)
 GET /api/signal?seller=b 200 in 144ms (next.js: 1.7ms, application-code: 143ms)
 POST /api/buy?seller=b 200 in 163ms (next.js: 2.0ms, application-code: 161ms)
